[ 1d] buy_hold           sharpe=+0.03 cagr=-25.0% mdd=-80.9% trades=    0 p_null=1.000 dsr=0.51 -> referencia (0.2s)
[ 1d] random_entry       sharpe=-0.46 cagr=-36.2% mdd=-64.8% trades=   20 p_null=0.677 dsr=0.08 -> referencia (0.8s)
[ 1d] sma_cross          sharpe=+0.43 cagr=+3.4% mdd=-67.9% trades=   15 p_null=0.280 dsr=0.41 -> reprovada (0.8s)
[ 1d] tsmom              sharpe=+1.10 cagr=+56.2% mdd=-35.2% trades=   40 p_null=0.083 dsr=0.72 -> promissora (0.8s)
[ 1d] donchian           sharpe=+0.47 cagr=+10.9% mdd=-65.0% trades=    7 p_null=0.283 dsr=0.64 -> reprovada (0.8s)
[ 1d] bollinger_mr       sharpe=-1.09 cagr=-62.0% mdd=-89.1% trades=   21 p_null=0.927 dsr=0.00 -> reprovada (0.8s)
[ 1d] rsi_mr             sharpe=-0.95 cagr=-47.3% mdd=-82.3% trades=   17 p_null=0.890 dsr=0.06 -> reprovada (0.8s)
[ 4h] buy_hold           sharpe=+0.05 cagr=-23.9% mdd=-81.2% trades=    0 p_null=1.000 dsr=0.52 -> referencia (0.2s)
[ 4h] random_entry       sharpe=-0.13 cagr=-24.7% mdd=-75.3% trades=   81 p_null=0.463 dsr=0.17 -> referencia (0.8s)
[ 4h] sma_cross          sharpe=+0.46 cagr=+10.9% mdd=-43.6% trades=   63 p_null=0.230 dsr=0.40 -> reprovada (1.0s)
[ 4h] tsmom              sharpe=+0.04 cagr=-10.9% mdd=-47.9% trades=  390 p_null=0.277 dsr=0.29 -> reprovada (1.1s)
[ 4h] donchian           sharpe=+0.62 cagr=+20.7% mdd=-44.1% trades=   51 p_null=0.167 dsr=0.67 -> reprovada (0.8s)
[ 4h] bollinger_mr       sharpe=-1.47 cagr=-63.9% mdd=-86.9% trades=   37 p_null=0.983 dsr=0.01 -> reprovada (0.9s)
[ 4h] rsi_mr             sharpe=-1.00 cagr=-38.6% mdd=-70.6% trades=   42 p_null=0.860 dsr=0.01 -> reprovada (0.9s)
[ 1h] buy_hold           sharpe=+0.03 cagr=-24.9% mdd=-81.2% trades=    0 p_null=1.000 dsr=0.52 -> referencia (0.3s)
[ 1h] random_entry       sharpe=+0.28 cagr=-5.8% mdd=-58.7% trades=  374 p_null=0.137 dsr=0.35 -> referencia (1.2s)
[ 1h] sma_cross          sharpe=+0.51 cagr=+13.9% mdd=-44.5% trades=  161 p_null=0.123 dsr=0.37 -> promissora (1.4s)
[ 1h] tsmom              sharpe=-0.48 cagr=-33.5% mdd=-73.5% trades=  954 p_null=0.243 dsr=0.00 -> reprovada (1.9s)
[ 1h] donchian           sharpe=+0.83 cagr=+39.8% mdd=-45.3% trades=   71 p_null=0.147 dsr=0.75 -> promissora (1.1s)
[ 1h] bollinger_mr       sharpe=-1.90 cagr=-71.5% mdd=-90.0% trades=  175 p_null=0.983 dsr=0.00 -> reprovada (1.2s)
[ 1h] rsi_mr             sharpe=-2.00 cagr=-66.5% mdd=-87.8% trades=  439 p_null=0.920 dsr=0.00 -> reprovada (1.2s)
[ 1h] hour_seasonality   sharpe=-4.61 cagr=-77.7% mdd=-93.2% trades= 1548 p_null=0.580 dsr=0.00 -> reprovada (5.1s)
[15m] buy_hold           sharpe=+0.04 cagr=-24.6% mdd=-81.2% trades=    0 p_null=1.000 dsr=0.52 -> referencia (0.6s)
[15m] random_entry       sharpe=-0.67 cagr=-44.4% mdd=-74.9% trades=  438 p_null=0.513 dsr=0.01 -> referencia (2.9s)
[15m] sma_cross          sharpe=-0.44 cagr=-33.8% mdd=-67.6% trades=  344 p_null=0.520 dsr=0.00 -> reprovada (3.4s)
[15m] tsmom              sharpe=-1.62 cagr=-69.6% mdd=-91.8% trades= 2469 p_null=0.130 dsr=0.00 -> reprovada (5.9s)
[15m] donchian           sharpe=-0.51 cagr=-44.5% mdd=-74.8% trades=  387 p_null=0.507 dsr=0.00 -> reprovada (2.7s)
[15m] bollinger_mr       sharpe=-2.79 cagr=-77.7% mdd=-94.9% trades= 1119 p_null=0.893 dsr=0.00 -> reprovada (3.6s)
[15m] rsi_mr             sharpe=-2.35 cagr=-62.0% mdd=-87.2% trades=  913 p_null=0.620 dsr=0.00 -> reprovada (3.0s)
[15m] hour_seasonality   sharpe=-5.51 cagr=-80.6% mdd=-94.9% trades= 1456 p_null=0.870 dsr=0.00 -> reprovada (6.5s)
[ 5m] buy_hold           sharpe=+0.03 cagr=-24.9% mdd=-81.3% trades=    0 p_null=1.000 dsr=0.52 -> referencia (1.1s)
[ 5m] random_entry       sharpe=-2.23 cagr=-84.8% mdd=-96.9% trades= 1360 p_null=0.727 dsr=0.00 -> referencia (6.9s)
[ 5m] sma_cross          sharpe=-0.91 cagr=-51.7% mdd=-78.4% trades=  777 p_null=0.540 dsr=0.00 -> reprovada (8.1s)
[ 5m] tsmom              sharpe=-5.40 cagr=-98.9% mdd=-100.0% trades= 6272 p_null=0.290 dsr=0.00 -> reprovada (14.8s)
[ 5m] donchian           sharpe=-1.99 cagr=-80.6% mdd=-94.9% trades=  876 p_null=0.843 dsr=0.00 -> reprovada (6.6s)
[ 5m] bollinger_mr       sharpe=-3.46 cagr=-85.2% mdd=-97.0% trades= 1425 p_null=0.977 dsr=0.00 -> reprovada (7.9s)
[ 5m] rsi_mr             sharpe=-3.28 cagr=-58.3% mdd=-79.8% trades=  473 p_null=0.970 dsr=0.00 -> reprovada (6.4s)
[ 5m] hour_seasonality   sharpe=-5.32 cagr=-82.4% mdd=-95.3% trades= 1727 p_null=0.780 dsr=0.00 -> reprovada (10.4s)
[ 1m] buy_hold           sharpe=-0.04 cagr=-27.7% mdd=-81.4% trades=    0 p_null=1.000 dsr=0.48 -> referencia (6.4s)
[ 1m] random_entry       sharpe=-7.94 cagr=-99.6% mdd=-100.0% trades= 7418 p_null=0.580 dsr=0.00 -> referencia (20.4s)
[ 1m] sma_cross          sharpe=-6.13 cagr=-96.6% mdd=-99.9% trades= 3656 p_null=1.000 dsr=0.00 -> reprovada (28.1s)
