[ 1d] buy_hold           sharpe=+0.51 cagr=+13.9% mdd=-76.7% trades=    0 p_null=1.000 dsr=0.89 -> referencia (0.3s)
[ 1d] random_entry       sharpe=+0.57 cagr=+17.5% mdd=-80.7% trades=   68 p_null=0.047 dsr=0.78 -> referencia (1.3s)
[ 1d] sma_cross          sharpe=+0.66 cagr=+22.5% mdd=-41.4% trades=   33 p_null=0.113 dsr=0.70 -> promissora (1.5s)
[ 1d] tsmom              sharpe=+0.03 cagr=-10.7% mdd=-80.3% trades=  167 p_null=0.427 dsr=0.25 -> reprovada (1.4s)
[ 1d] donchian           sharpe=+0.28 cagr=+1.2% mdd=-66.0% trades=   48 p_null=0.217 dsr=0.60 -> reprovada (1.1s)
[ 1d] bollinger_mr       sharpe=-0.04 cagr=-12.3% mdd=-63.8% trades=   89 p_null=0.427 dsr=0.23 -> reprovada (1.3s)
[ 1d] rsi_mr             sharpe=-0.38 cagr=-24.0% mdd=-81.2% trades=   95 p_null=0.757 dsr=0.11 -> reprovada (1.2s)
[ 4h] buy_hold           sharpe=+0.51 cagr=+13.4% mdd=-77.1% trades=    0 p_null=1.000 dsr=0.88 -> referencia (0.3s)
[ 4h] random_entry       sharpe=-0.10 cagr=-13.7% mdd=-79.2% trades=  170 p_null=0.510 dsr=0.05 -> referencia (1.5s)
[ 4h] sma_cross          sharpe=+0.52 cagr=+14.0% mdd=-52.0% trades=  110 p_null=0.157 dsr=0.39 -> reprovada (2.0s)
[ 4h] tsmom              sharpe=+0.09 cagr=-7.3% mdd=-73.1% trades=  560 p_null=0.223 dsr=0.03 -> reprovada (2.3s)
[ 4h] donchian           sharpe=-0.02 cagr=-13.4% mdd=-78.6% trades=  182 p_null=0.450 dsr=0.36 -> reprovada (1.4s)
[ 4h] bollinger_mr       sharpe=-0.38 cagr=-20.8% mdd=-82.6% trades=  177 p_null=0.700 dsr=0.05 -> reprovada (1.6s)
[ 4h] rsi_mr             sharpe=-0.71 cagr=-27.1% mdd=-85.7% trades=  167 p_null=0.900 dsr=0.03 -> reprovada (1.5s)
[ 1h] buy_hold           sharpe=+0.51 cagr=+13.6% mdd=-77.2% trades=    0 p_null=1.000 dsr=0.88 -> referencia (0.6s)
[ 1h] random_entry       sharpe=-0.07 cagr=-13.6% mdd=-78.5% trades=  672 p_null=0.227 dsr=0.04 -> referencia (2.8s)
[ 1h] sma_cross          sharpe=+0.22 cagr=+0.2% mdd=-76.6% trades=  415 p_null=0.307 dsr=0.14 -> reprovada (3.4s)
[ 1h] tsmom              sharpe=-0.70 cagr=-37.9% mdd=-94.9% trades= 1962 p_null=0.440 dsr=0.00 -> reprovada (4.8s)
[ 1h] donchian           sharpe=+0.03 cagr=-10.7% mdd=-73.6% trades=  259 p_null=0.330 dsr=0.05 -> reprovada (2.7s)
[ 1h] bollinger_mr       sharpe=-1.01 cagr=-41.2% mdd=-95.4% trades=  862 p_null=0.903 dsr=0.00 -> reprovada (3.2s)
[ 1h] rsi_mr             sharpe=-1.13 cagr=-28.4% mdd=-88.3% trades=  506 p_null=0.923 dsr=0.00 -> reprovada (2.7s)
[ 1h] hour_seasonality   sharpe=-5.43 cagr=-69.2% mdd=-99.9% trades= 4290 p_null=0.437 dsr=0.00 -> reprovada (26.2s)
[15m] buy_hold           sharpe=+0.51 cagr=+13.7% mdd=-77.3% trades=    0 p_null=1.000 dsr=0.89 -> referencia (1.2s)
[15m] random_entry       sharpe=-0.61 cagr=-33.9% mdd=-95.8% trades= 1387 p_null=0.397 dsr=0.00 -> referencia (7.4s)
[15m] sma_cross          sharpe=-0.30 cagr=-20.4% mdd=-84.2% trades= 1093 p_null=0.477 dsr=0.00 -> reprovada (8.7s)
[15m] tsmom              sharpe=-2.64 cagr=-79.1% mdd=-100.0% trades= 6607 p_null=0.473 dsr=0.00 -> reprovada (14.4s)
[15m] donchian           sharpe=-1.11 cagr=-50.2% mdd=-98.5% trades= 1157 p_null=0.880 dsr=0.00 -> reprovada (7.2s)
[15m] bollinger_mr       sharpe=-1.63 cagr=-56.4% mdd=-99.1% trades= 2264 p_null=0.790 dsr=0.00 -> reprovada (8.6s)
[15m] rsi_mr             sharpe=-0.99 cagr=-21.8% mdd=-81.1% trades=  677 p_null=0.473 dsr=0.00 -> reprovada (6.2s)
