[ 1d] buy_hold           sharpe=+0.91 cagr=+44.6% mdd=-76.6% trades=    0 p_null=1.000 dsr=0.99 -> referencia (1.0s)
[ 1d] random_entry       sharpe=+0.29 cagr=+2.3% mdd=-71.5% trades=   52 p_null=0.307 dsr=0.33 -> referencia (1.4s)
[ 1d] sma_cross          sharpe=+0.94 cagr=+43.3% mdd=-59.6% trades=   43 p_null=0.080 dsr=0.93 -> promissora (1.8s)
[ 1d] tsmom              sharpe=+0.47 cagr=+11.5% mdd=-78.9% trades=  212 p_null=0.107 dsr=0.79 -> promissora (1.6s)
[ 1d] donchian           sharpe=+0.67 cagr=+24.4% mdd=-67.0% trades=   58 p_null=0.100 dsr=0.94 -> promissora (1.4s)
[ 1d] bollinger_mr       sharpe=-0.52 cagr=-33.3% mdd=-96.7% trades=  107 p_null=0.813 dsr=0.02 -> reprovada (1.9s)
[ 1d] rsi_mr             sharpe=-0.71 cagr=-37.8% mdd=-97.8% trades=  118 p_null=0.917 dsr=0.01 -> reprovada (1.4s)
[ 1d] weekly_reversal    sharpe=-0.03 cagr=-6.5% mdd=-62.0% trades=  484 p_null=0.680 dsr=0.02 -> reprovada (1.5s)
[ 1d] value_ladder       sharpe=+0.11 cagr=-4.2% mdd=-64.8% trades=   25 p_null=0.977 dsr=0.49 -> reprovada (1.9s)
[ 1d] drawdown_ladder    sharpe=+0.49 cagr=+11.7% mdd=-53.1% trades=   35 p_null=0.780 dsr=0.86 -> reprovada (1.5s)
[ 1d] mvrv_ladder        sharpe=+0.31 cagr=+4.5% mdd=-72.4% trades=   10 p_null=0.917 dsr=0.75 -> reprovada (1.9s)
[ 1d] constant_mix       sharpe=+0.85 cagr=+31.2% mdd=-57.8% trades=    0 p_null=0.623 dsr=0.99 -> referencia (1.4s)
[ 4h] buy_hold           sharpe=+0.91 cagr=+44.7% mdd=-77.0% trades=    0 p_null=1.000 dsr=0.99 -> referencia (1.2s)
[ 4h] random_entry       sharpe=-0.58 cagr=-31.3% mdd=-96.2% trades=  177 p_null=0.890 dsr=0.00 -> referencia (1.7s)
[ 4h] sma_cross          sharpe=+0.80 cagr=+30.4% mdd=-60.3% trades=  169 p_null=0.100 dsr=0.77 -> promissora (2.5s)
[ 4h] tsmom              sharpe=+0.70 cagr=+26.3% mdd=-73.0% trades=  826 p_null=0.013 dsr=0.60 -> promissora (2.5s)
[ 4h] donchian           sharpe=+0.48 cagr=+12.2% mdd=-67.4% trades=  250 p_null=0.070 dsr=0.84 -> promissora (1.9s)
[ 4h] bollinger_mr       sharpe=-0.70 cagr=-35.5% mdd=-96.9% trades=  219 p_null=0.893 dsr=0.00 -> reprovada (2.2s)
[ 4h] rsi_mr             sharpe=-0.90 cagr=-36.4% mdd=-97.2% trades=  200 p_null=0.967 dsr=0.00 -> reprovada (1.8s)
[ 4h] weekly_reversal    sharpe=-0.33 cagr=-16.0% mdd=-78.7% trades=  582 p_null=0.800 dsr=0.00 -> reprovada (2.5s)
[ 4h] value_ladder       sharpe=+0.05 cagr=-7.0% mdd=-63.3% trades=   37 p_null=0.967 dsr=0.45 -> reprovada (2.8s)
[ 4h] drawdown_ladder    sharpe=+0.34 cagr=+5.1% mdd=-68.1% trades=   60 p_null=0.907 dsr=0.74 -> reprovada (2.8s)
[ 4h] mvrv_ladder        sharpe=+0.31 cagr=+4.4% mdd=-70.2% trades=    7 p_null=0.913 dsr=0.75 -> reprovada (2.6s)
[ 4h] constant_mix       sharpe=+0.89 cagr=+28.7% mdd=-61.1% trades=    0 p_null=0.347 dsr=0.99 -> referencia (1.9s)
[ 1h] buy_hold           sharpe=+0.91 cagr=+44.5% mdd=-77.2% trades=    0 p_null=1.000 dsr=0.99 -> referencia (2.7s)
[ 1h] random_entry       sharpe=-0.54 cagr=-28.0% mdd=-94.4% trades=  730 p_null=0.567 dsr=0.00 -> referencia (3.5s)
[ 1h] sma_cross          sharpe=+0.63 cagr=+20.4% mdd=-76.4% trades=  538 p_null=0.113 dsr=0.56 -> promissora (4.8s)
[ 1h] tsmom              sharpe=-0.46 cagr=-30.3% mdd=-95.5% trades= 2789 p_null=0.093 dsr=0.00 -> reprovada (5.3s)
[ 1h] donchian           sharpe=+0.35 cagr=+4.6% mdd=-75.5% trades=  393 p_null=0.073 dsr=0.26 -> promissora (4.0s)
[ 1h] bollinger_mr       sharpe=-1.27 cagr=-52.5% mdd=-99.7% trades=  888 p_null=0.987 dsr=0.00 -> reprovada (3.8s)
[ 1h] rsi_mr             sharpe=-1.24 cagr=-36.2% mdd=-96.8% trades=  538 p_null=0.977 dsr=0.00 -> reprovada (3.3s)
[ 1h] hour_seasonality   sharpe=-5.21 cagr=-67.0% mdd=-100.0% trades= 5749 p_null=0.053 dsr=0.00 -> reprovada (45.0s)
[ 1h] weekly_reversal    sharpe=-0.63 cagr=-24.4% mdd=-88.6% trades=  959 p_null=0.887 dsr=0.00 -> reprovada (4.8s)
[15m] buy_hold           sharpe=+0.91 cagr=+44.6% mdd=-77.2% trades=    0 p_null=1.000 dsr=0.99 -> referencia (8.2s)
[15m] random_entry       sharpe=-0.63 cagr=-30.8% mdd=-97.0% trades= 1390 p_null=0.307 dsr=0.00 -> referencia (10.0s)
[15m] sma_cross          sharpe=+0.23 cagr=-0.3% mdd=-87.3% trades= 1550 p_null=0.090 dsr=0.00 -> reprovada (12.1s)
[15m] tsmom              sharpe=-2.34 cagr=-76.8% mdd=-100.0% trades= 9326 p_null=0.003 dsr=0.00 -> reprovada (17.6s)
[15m] donchian           sharpe=-0.75 cagr=-44.3% mdd=-99.2% trades= 1423 p_null=0.613 dsr=0.00 -> reprovada (10.4s)
[15m] bollinger_mr       sharpe=-2.19 cagr=-67.8% mdd=-100.0% trades= 2800 p_null=0.963 dsr=0.00 -> reprovada (11.5s)
[15m] rsi_mr             sharpe=-1.77 cagr=-40.6% mdd=-98.1% trades=  848 p_null=0.987 dsr=0.00 -> reprovada (9.6s)
[15m] hour_seasonality   sharpe=-5.23 cagr=-67.6% mdd=-100.0% trades= 5644 p_null=0.177 dsr=0.00 -> reprovada (54.4s)
[ 5m] buy_hold           sharpe=+0.91 cagr=+44.6% mdd=-77.3% trades=    0 p_null=1.000 dsr=0.99 -> referencia (12.1s)
[ 5m] random_entry       sharpe=-2.44 cagr=-70.4% mdd=-100.0% trades= 4178 p_null=0.730 dsr=0.00 -> referencia (14.8s)
[ 5m] sma_cross          sharpe=-0.35 cagr=-23.4% mdd=-94.8% trades= 2834 p_null=0.050 dsr=0.00 -> reprovada (21.2s)
[ 5m] tsmom              sharpe=-7.83 cagr=-100.0% mdd=-100.0% trades=30447 p_null=0.000 dsr=0.00 -> reprovada (39.4s)
[ 5m] donchian           sharpe=-2.31 cagr=-79.3% mdd=-100.0% trades= 3791 p_null=0.930 dsr=0.00 -> reprovada (15.6s)
[ 5m] bollinger_mr       sharpe=-3.10 cagr=-78.2% mdd=-100.0% trades= 6118 p_null=0.290 dsr=0.00 -> reprovada (19.2s)
[ 5m] rsi_mr             sharpe=-1.41 cagr=-27.5% mdd=-91.5% trades= 1041 p_null=0.250 dsr=0.00 -> reprovada (15.0s)
[ 5m] hour_seasonality   sharpe=-5.25 cagr=-71.3% mdd=-100.0% trades= 6107 p_null=0.040 dsr=0.00 -> reprovada (66.4s)
[ 1m] buy_hold           sharpe=+0.97 cagr=+49.5% mdd=-77.5% trades=    0 p_null=1.000 dsr=1.00 -> referencia (60.5s)
[ 1m] random_entry       sharpe=-9.52 cagr=-100.0% mdd=-100.0% trades=21268 p_null=0.030 dsr=0.00 -> referencia (87.8s)
[ 1m] sma_cross          sharpe=-5.38 cagr=-100.0% mdd=-100.0% trades=13689 p_null=0.190 dsr=0.00 -> reprovada (116.6s)
[ 1m] tsmom              sharpe=-33.91 cagr=-100.0% mdd=-100.0% trades=155598 p_null=0.000 dsr=0.00 -> reprovada (216.9s)
[ 1m] donchian           sharpe=-10.96 cagr=-100.0% mdd=-100.0% trades=20966 p_null=1.000 dsr=0.00 -> reprovada (94.1s)
[ 1m] bollinger_mr       sharpe=-14.81 cagr=-100.0% mdd=-100.0% trades=28874 p_null=0.380 dsr=0.00 -> reprovada (113.2s)
[ 1m] rsi_mr             sharpe=-4.97 cagr=-66.3% mdd=-100.0% trades= 3884 p_null=0.000 dsr=0.00 -> reprovada (96.5s)
[ 1m] hour_seasonality   sharpe=-5.43 cagr=-70.6% mdd=-100.0% trades= 6206 p_null=0.150 dsr=0.00 -> reprovada (244.3s)
torneio concluído em 1497s -> /home/user/quant-lab/results/runs/btc-binance-2018-2026
