[ 1d] buy_hold           sharpe=+0.51 cagr=+13.9% mdd=-76.7% trades=    0 p_null=1.000 dsr=0.89 -> referencia (1.0s)
[ 1d] random_entry       sharpe=-0.08 cagr=-3.1% mdd=-46.5% trades=   66 p_null=0.627 dsr=0.13 -> referencia (1.2s)
[ 1d] sma_cross          sharpe=+0.57 cagr=+15.9% mdd=-42.9% trades=   37 p_null=0.123 dsr=0.61 -> reprovada (1.5s)
[ 1d] tsmom              sharpe=+0.31 cagr=+4.4% mdd=-54.0% trades=  168 p_null=0.137 dsr=0.50 -> reprovada (1.5s)
[ 1d] donchian           sharpe=+0.29 cagr=+2.7% mdd=-62.6% trades=   38 p_null=0.197 dsr=0.61 -> reprovada (1.2s)
[ 1d] bollinger_mr       sharpe=-0.47 cagr=-24.0% mdd=-79.9% trades=   50 p_null=0.870 dsr=0.04 -> reprovada (1.5s)
[ 1d] rsi_mr             sharpe=-0.55 cagr=-16.1% mdd=-63.9% trades=   75 p_null=0.890 dsr=0.05 -> reprovada (1.3s)
[ 1d] weekly_reversal    sharpe=-0.29 cagr=-14.5% mdd=-71.6% trades=  582 p_null=0.597 dsr=0.00 -> reprovada (1.5s)
[ 1d] value_ladder       sharpe=-0.06 cagr=-9.4% mdd=-60.8% trades=   19 p_null=0.953 dsr=0.32 -> reprovada (1.8s)
[ 1d] drawdown_ladder    sharpe=+0.24 cagr=+2.3% mdd=-55.0% trades=   44 p_null=0.793 dsr=0.55 -> reprovada (1.6s)
[ 1d] mvrv_ladder        sharpe=-0.02 cagr=-8.6% mdd=-71.5% trades=   10 p_null=0.943 dsr=0.41 -> reprovada (2.0s)
[ 1d] constant_mix       sharpe=+0.56 cagr=+14.8% mdd=-57.0% trades=    0 p_null=0.067 dsr=0.89 -> referencia (1.3s)
[ 4h] buy_hold           sharpe=+0.51 cagr=+13.4% mdd=-77.1% trades=    0 p_null=1.000 dsr=0.88 -> referencia (1.4s)
[ 4h] random_entry       sharpe=+0.08 cagr=-0.2% mdd=-34.0% trades=  364 p_null=0.217 dsr=0.23 -> referencia (1.7s)
[ 4h] sma_cross          sharpe=+0.52 cagr=+13.4% mdd=-48.8% trades=  153 p_null=0.110 dsr=0.38 -> promissora (2.2s)
[ 4h] tsmom              sharpe=-0.16 cagr=-13.2% mdd=-69.9% trades=  912 p_null=0.093 dsr=0.01 -> reprovada (2.4s)
[ 4h] donchian           sharpe=+0.18 cagr=-1.9% mdd=-62.2% trades=  149 p_null=0.190 dsr=0.53 -> reprovada (1.7s)
[ 4h] bollinger_mr       sharpe=-0.70 cagr=-29.1% mdd=-86.4% trades=  333 p_null=0.890 dsr=0.01 -> reprovada (1.9s)
[ 4h] rsi_mr             sharpe=-0.70 cagr=-19.9% mdd=-72.1% trades=  457 p_null=0.870 dsr=0.03 -> reprovada (1.8s)
[ 4h] weekly_reversal    sharpe=-0.56 cagr=-17.3% mdd=-67.9% trades=  825 p_null=0.710 dsr=0.00 -> reprovada (2.4s)
[ 4h] value_ladder       sharpe=-0.09 cagr=-10.7% mdd=-63.7% trades=   29 p_null=0.967 dsr=0.30 -> reprovada (2.3s)
[ 4h] drawdown_ladder    sharpe=+0.26 cagr=+2.7% mdd=-63.5% trades=   52 p_null=0.807 dsr=0.58 -> reprovada (2.5s)
[ 4h] mvrv_ladder        sharpe=-0.02 cagr=-8.6% mdd=-71.4% trades=   10 p_null=0.943 dsr=0.40 -> reprovada (2.8s)
[ 4h] constant_mix       sharpe=+0.55 cagr=+14.3% mdd=-57.6% trades=    0 p_null=0.060 dsr=0.89 -> referencia (1.9s)
[ 1h] buy_hold           sharpe=+0.51 cagr=+13.6% mdd=-77.2% trades=    0 p_null=1.000 dsr=0.88 -> referencia (2.5s)
[ 1h] random_entry       sharpe=-0.83 cagr=-14.3% mdd=-63.0% trades= 1509 p_null=0.323 dsr=0.00 -> referencia (3.2s)
[ 1h] sma_cross          sharpe=-0.06 cagr=-8.6% mdd=-66.3% trades=  687 p_null=0.287 dsr=0.03 -> reprovada (4.1s)
[ 1h] tsmom              sharpe=-2.29 cagr=-62.3% mdd=-99.6% trades= 4072 p_null=0.140 dsr=0.00 -> reprovada (5.2s)
[ 1h] donchian           sharpe=-0.71 cagr=-34.0% mdd=-93.4% trades=  690 p_null=0.753 dsr=0.00 -> reprovada (3.2s)
[ 1h] bollinger_mr       sharpe=-1.35 cagr=-43.9% mdd=-96.1% trades= 1413 p_null=0.870 dsr=0.00 -> reprovada (3.7s)
[ 1h] rsi_mr             sharpe=-1.33 cagr=-29.0% mdd=-87.7% trades= 1842 p_null=0.817 dsr=0.00 -> reprovada (3.5s)
[ 1h] hour_seasonality   sharpe=-9.32 cagr=-88.3% mdd=-100.0% trades=13667 p_null=0.010 dsr=0.00 -> reprovada (4.4s)
[ 1h] weekly_reversal    sharpe=-1.11 cagr=-28.2% mdd=-84.9% trades= 1639 p_null=0.770 dsr=0.00 -> reprovada (3.8s)
[15m] buy_hold           sharpe=+0.51 cagr=+13.7% mdd=-77.3% trades=    0 p_null=1.000 dsr=0.89 -> referencia (6.7s)
[15m] random_entry       sharpe=-3.85 cagr=-48.5% mdd=-97.6% trades= 5887 p_null=0.520 dsr=0.00 -> referencia (8.7s)
[15m] sma_cross          sharpe=-1.14 cagr=-40.2% mdd=-95.9% trades= 2699 p_null=0.167 dsr=0.00 -> reprovada (10.3s)
[15m] tsmom              sharpe=-9.52 cagr=-100.0% mdd=-100.0% trades=17408 p_null=0.007 dsr=0.00 -> reprovada (15.4s)
[15m] donchian           sharpe=-2.67 cagr=-73.4% mdd=-99.9% trades= 2937 p_null=0.943 dsr=0.00 -> reprovada (8.5s)
[15m] bollinger_mr       sharpe=-3.66 cagr=-76.4% mdd=-100.0% trades= 5663 p_null=0.627 dsr=0.00 -> reprovada (9.9s)
[15m] rsi_mr             sharpe=-4.00 cagr=-62.2% mdd=-99.6% trades= 7555 p_null=0.520 dsr=0.00 -> reprovada (9.0s)
[15m] hour_seasonality   sharpe=-10.42 cagr=-90.2% mdd=-100.0% trades=14044 p_null=0.253 dsr=0.00 -> reprovada (9.2s)
torneio concluído em 155s -> /home/user/quant-lab/results/runs/btc-bitstamp-2020-2026-media
